// Jest Snapshot v1, https://goo.gl/fbAQLP

exports[`MasterList renders correctly 1`] = `ShallowWrapper {}`;

exports[`filter PO filter PO 1`] = `ShallowWrapper {}`;

exports[`filter PO filter PO 2`] = `ShallowWrapper {}`;

exports[`filter PO filter PO 3`] = `ShallowWrapper {}`;

exports[`filter PO filter PO 4`] = `ShallowWrapper {}`;
